// Jest Snapshot v1, https://goo.gl/fbAQLP

exports[`Pivot renders Pivot correctly 1`] = `
<div>
  <div
    aria-describedby={undefined}
    aria-labelledby={undefined}
    className="ms-FocusZone"
    data-focuszone-id="FocusZone1"
    onFocus={[Function]}
    onKeyDown={[Function]}
    onMouseDownCapture={[Function]}
    role="presentation"
  >
    <ul
      className="ms-Pivot"
      role="tablist"
    >
      <button
        aria-describedby={null}
        aria-label={undefined}
        aria-labelledby={null}
        aria-pressed={undefined}
        aria-selected={true}
        className=
            ms-Button
            ms-Button--action
            ms-Button--command
            ms-Pivot-link
            is-selected
            undefined
            {
              -moz-osx-font-smoothing: grayscale;
              -webkit-font-smoothing: antialiased;
              background-color: transparent;
              border-radius: 0px;
              border: 1px solid transparent;
              box-sizing: border-box;
              color: #333333;
              cursor: pointer;
              display: inline-block;
              font-family: 'Segoe UI Web (West European)', 'Segoe UI', -apple-system, BlinkMacSystemFont, 'Roboto', 'Helvetica Neue', sans-serif;
              font-size: 14px;
              font-weight: 400;
              height: 40px;
              outline: transparent;
              padding-bottom: 0;
              padding-left: 4px;
              padding-right: 4px;
              padding-top: 0;
              position: relative;
              text-align: center;
              text-decoration: none;
              user-select: none;
              vertical-align: top;
            }
            &::-moz-focus-inner {
              border: 0;
            }
            .ms-Fabric.is-focusVisible &:focus:after {
              border: 1px solid #ffffff;
              bottom: 0px;
              content: "";
              left: 0px;
              outline: 1px solid #666666;
              position: absolute;
              right: 0px;
              top: 0px;
              z-index: 1;
            }
            &:hover {
              color: #0078d7;
            }
            &:hover .ms-Button-icon {
              color: #0078d7;
            }
            &:active {
              color: #000000;
            }
            &:active .ms-Button-icon {
              color: #004578;
            }
        data-is-focusable={true}
        disabled={undefined}
        id="Pivot0-Tab0"
        name=""
        onClick={[Function]}
        onKeyPress={[Function]}
        role="tab"
        type="button"
      >
        <div
          className=
              ms-Button-flexContainer
              {
                align-items: center;
                display: flex;
                flex-wrap: nowrap;
                height: 100%;
                justify-content: flex-start;
              }
        >
          <span
            className="ms-Pivot-link-content"
          >
            <span
              className="ms-Pivot-text"
            >
               
              
            </span>
          </span>
        </div>
      </button>
      <button
        aria-describedby={null}
        aria-label={undefined}
        aria-labelledby={null}
        aria-pressed={undefined}
        aria-selected={false}
        className=
            ms-Button
            ms-Button--action
            ms-Button--command
            ms-Pivot-link
            {
              -moz-osx-font-smoothing: grayscale;
              -webkit-font-smoothing: antialiased;
              background-color: transparent;
              border-radius: 0px;
              border: 1px solid transparent;
              box-sizing: border-box;
              color: #333333;
              cursor: pointer;
              display: inline-block;
              font-family: 'Segoe UI Web (West European)', 'Segoe UI', -apple-system, BlinkMacSystemFont, 'Roboto', 'Helvetica Neue', sans-serif;
              font-size: 14px;
              font-weight: 400;
              height: 40px;
              outline: transparent;
              padding-bottom: 0;
              padding-left: 4px;
              padding-right: 4px;
              padding-top: 0;
              position: relative;
              text-align: center;
              text-decoration: none;
              user-select: none;
              vertical-align: top;
            }
            &::-moz-focus-inner {
              border: 0;
            }
            .ms-Fabric.is-focusVisible &:focus:after {
              border: 1px solid #ffffff;
              bottom: 0px;
              content: "";
              left: 0px;
              outline: 1px solid #666666;
              position: absolute;
              right: 0px;
              top: 0px;
              z-index: 1;
            }
            &:hover {
              color: #0078d7;
            }
            &:hover .ms-Button-icon {
              color: #0078d7;
            }
            &:active {
              color: #000000;
            }
            &:active .ms-Button-icon {
              color: #004578;
            }
        data-is-focusable={true}
        disabled={undefined}
        id="Pivot0-Tab1"
        name=""
        onClick={[Function]}
        onKeyPress={[Function]}
        role="tab"
        type="button"
      >
        <div
          className=
              ms-Button-flexContainer
              {
                align-items: center;
                display: flex;
                flex-wrap: nowrap;
                height: 100%;
                justify-content: flex-start;
              }
        >
          <span
            className="ms-Pivot-link-content"
          >
            <span
              className="ms-Pivot-text"
            >
               
              
            </span>
          </span>
        </div>
      </button>
    </ul>
  </div>
  <div
    aria-labelledby="Pivot0-Tab0"
    role="tabpanel"
  >
    <div />
  </div>
</div>
`;
