// Jest Snapshot v1, https://goo.gl/fbAQLP

exports[`Callout renders Callout correctly 1`] = `
<div
  className=
      ms-Callout-container
      {
        position: relative;
      }
>
  <div
    className=
        ms-Callout
        {
          border-color: #eaeaea;
          border-style: solid;
          border-width: 1px;
          box-shadow: 0 0 5px 0px rgba(0,0,0,0.4);
          box-sizing: border-box;
          filter: opacity(0);
          opacity: 0;
          outline: transparent;
          position: absolute;
        }
        @media screen and (-ms-high-contrast: active){& {
          border-color: WindowText;
          border-style: solid;
          border-width: 1px;
        }
        &::-moz-focus-inner {
          border: 0px;
        }
    tabIndex={-1}
  >
    <div
      aria-describedby={undefined}
      aria-label={undefined}
      aria-labelledby={undefined}
      className=
          ms-Callout-main
          {
            background-color: #ffffff;
            max-height: 750px;
            overflow-x: hidden;
            overflow-y: auto;
            position: relative;
          }
      onKeyDown={[Function]}
      onScroll={undefined}
      role={undefined}
      style={
        Object {
          "overflowY": "auto",
        }
      }
    >
      Content
    </div>
  </div>
</div>
`;
